// Jest Snapshot v1, https://goo.gl/fbAQLP

exports[`App Should render app properly 1`] = `
<ErrorBoundry>
  <BrowserRouter>
    <UserProvider>
      <Switch>
        <Route
          component={[Function]}
          exact={true}
          path="/login"
        />
        <PrivateRoute
          component={[Function]}
          path="/order"
        />
        <PrivateRoute
          component={[Function]}
          exact={true}
          path="/"
        />
      </Switch>
    </UserProvider>
  </BrowserRouter>
</ErrorBoundry>
`;
