// Jest Snapshot v1, https://goo.gl/fbAQLP

exports[`Footer Should render Footer properly 1`] = `
<footer
  className="page-footer font-small blue"
>
  <div
    className="footer footer-copyright text-center py-3"
  >
    Â© 2020 Copyright: footer
  </div>
</footer>
`;
