// Jest Snapshot v1, https://goo.gl/fbAQLP

exports[`Order Should render Order properly 1`] = `
<ContextConsumer>
  <Component />
</ContextConsumer>
`;
