// Jest Snapshot v1, https://goo.gl/fbAQLP

exports[`Login It renders properly 1`] = `
<ContextConsumer>
  <Component />
</ContextConsumer>
`;
