// Jest Snapshot v1, https://goo.gl/fbAQLP

exports[`Order Details Should render Order Details properly 1`] = `<OrdersDetails />`;
