// Jest Snapshot v1, https://goo.gl/fbAQLP

exports[`Header Should render Header properly 1`] = `
<ContextConsumer>
  <Component />
</ContextConsumer>
`;
